(.venv) mfalconf@AR-IT31569:~/workspace/test_zephyr/zephyr-course$ west flash
-- west flash: rebuilding
ninja: no work to do.
-- west flash: using runner esp32
-- runners.esp32: reset after flashing requested
-- runners.esp32: Flashing esp32 chip on None (921600bps)
esptool.py v4.8.1
Found 1 serial ports
Serial port /dev/ttyUSB0
Connecting......
Detecting chip type... Unsupported detection protocol, switching and trying again...
Connecting.....
Detecting chip type... ESP32
Chip is ESP32-D0WD (revision v1.0)
Features: WiFi, BT, Dual Core, 240MHz, VRef calibration in efuse, Coding Scheme None
Crystal is 40MHz
MAC: 94:3c:c6:26:a2:88
Uploading stub...
Running stub...
Stub running...
Changing baud rate to 921600
Changed.
Configuring flash size...
Flash will be erased from 0x00001000 to 0x00020fff...
Wrote 131072 bytes at 0x00001000 in 2.1 seconds (505.3 kbit/s)...
Hash of data verified.

Leaving...
Hard resetting via RTS pin...