west twister -T tests/ring_buf -p native_sim -v
Renaming output directory to /home/mfalconf/workspace/test_zephyr/zephyr-course/twister-out.6
INFO    - Using Ninja..
INFO    - Zephyr version: v4.2.0
INFO    - Using 'zephyr' toolchain.
INFO    - Building initial testsuite list...
INFO    - Writing JSON report /home/mfalconf/workspace/test_zephyr/zephyr-course/twister-out/testplan.json
INFO    - JOBS: 16
INFO    - Adding tasks to the queue...
INFO    - Added initial list of jobs to queue
INFO    - 1/1 native_sim/native         homework.unit.ring_buf                             PASSED (native 0.076s <host>)

INFO    - 1 test scenarios (1 configurations) selected, 0 configurations filtered (0 by static filter, 0 at runtime).
INFO    - 1 of 1 executed test configurations passed (100.00%), 0 built (not run), 0 failed, 0 errored, with no warnings in 15.10 seconds.
INFO    - 8 of 8 executed test cases passed (100.00%) on 1 out of total 1115 platforms (0.09%).
INFO    - 1 test configurations executed on platforms, 0 test configurations were only built.
INFO    - Saving reports...
INFO    - Writing JSON report /home/mfalconf/workspace/test_zephyr/zephyr-course/twister-out/twister.json
INFO    - Writing xunit report /home/mfalconf/workspace/test_zephyr/zephyr-course/twister-out/twister.xml...
INFO    - Writing xunit report /home/mfalconf/workspace/test_zephyr/zephyr-course/twister-out/twister_report.xml...
INFO    - Run completed
